integer      string                                                             integer       short   char     boolean     integer      integer      char      integer      integer      integer      integer      string                                                             string                                                           
oid          typname                                                            typnamespace  typlen  typtype  typnotnull  typbasetype  typtypmod    typdelim  typrelid     typelem      typinput     typreceive   typdefault                                                         teiid_name                                                       
16           bool                                                               62            1       b        false       0            -1           ,         0            0            <null>       2147483625   <null>                                                             boolean                                                          
17           bytea                                                              62            -1      b        false       0            -1           ,         0            0            <null>       2147483623   <null>                                                             blob                                                             
18           char                                                               62            1       b        false       0            -1           ,         0            0            <null>       2147483622   <null>                                                             <null>                                                           
1043         varchar                                                            62            -1      b        false       0            -1           ,         0            0            <null>       2147483603   <null>                                                             string                                                           
25           text                                                               62            -1      b        false       0            -1           ,         0            0            <null>       2147483607   <null>                                                             clob                                                             
1042         bpchar                                                             62            -1      b        false       0            -1           ,         0            0            <null>       2147483624   <null>                                                             <null>                                                           
21           int2                                                               62            2       b        false       0            -1           ,         0            0            <null>       2147483616   <null>                                                             short                                                            
20           int8                                                               62            8       b        false       0            -1           ,         0            0            <null>       2147483613   <null>                                                             long                                                             
23           int4                                                               62            4       b        false       0            -1           ,         0            0            <null>       2147483614   <null>                                                             integer                                                          
26           oid                                                                62            4       b        false       0            -1           ,         0            0            <null>       2147483610   <null>                                                             <null>                                                           
700          float4                                                             62            4       b        false       0            -1           ,         0            0            <null>       2147483620   <null>                                                             float                                                            
701          float8                                                             62            8       b        false       0            -1           ,         0            0            <null>       2147483619   <null>                                                             double                                                           
705          unknown                                                            62            -2      b        false       0            -1           ,         0            0            <null>       2147483604   <null>                                                             object                                                           
1082         date                                                               62            4       b        false       0            -1           ,         0            0            <null>       2147483621   <null>                                                             date                                                             
1083         time                                                               62            8       b        false       0            -1           ,         0            0            <null>       2147483606   <null>                                                             time                                                             
1114         timestamp                                                          62            8       b        false       0            -1           ,         0            0            <null>       2147483605   <null>                                                             timestamp                                                        
1700         numeric                                                            62            -1      b        false       0            -1           ,         0            0            <null>       2147483611   <null>                                                             bigdecimal                                                       
142          xml                                                                62            -1      b        false       0            -1           ,         0            0            <null>       2147483601   <null>                                                             xml                                                              
14939        lo                                                                 62            -1      b        false       0            -1           ,         0            0            <null>       2147483612   <null>                                                             <null>                                                           
32816        geometry                                                           62            -1      b        false       0            -1           ,         0            0            <null>       2147483617   <null>                                                             geometry                                                         
33454        geography                                                          62            -1      b        false       0            -1           ,         0            0            <null>       2147483618   <null>                                                             geography                                                        
2278         void                                                               62            4       p        false       0            -1           ,         0            0            <null>       2147483602   <null>                                                             <null>                                                           
2249         record                                                             62            -1      p        false       0            -1           ,         0            0            <null>       2147483608   <null>                                                             <null>                                                           
30           oidvector                                                          62            -1      b        false       0            -1           ,         0            26           <null>       2147483609   <null>                                                             <null>                                                           
1000         _bool                                                              62            -1      b        false       0            -1           ,         0            16           <null>       2147483646   <null>                                                             boolean[]                                                        
1001         _bytea                                                             62            -1      b        false       0            -1           ,         0            17           <null>       2147483644   <null>                                                             blob[]                                                           
1002         _char                                                              62            -1      b        false       0            -1           ,         0            18           <null>       2147483643   <null>                                                             <null>                                                           
1005         _int2                                                              62            -1      b        false       0            -1           ,         0            21           <null>       2147483637   <null>                                                             short[]                                                          
1007         _int4                                                              62            -1      b        false       0            -1           ,         0            23           <null>       2147483636   <null>                                                             integer[]                                                        
1009         _text                                                              62            -1      b        false       0            -1           ,         0            25           <null>       2147483631   <null>                                                             clob[]                                                           
1028         _oid                                                               62            -1      b        false       0            -1           ,         0            26           <null>       2147483633   <null>                                                             <null>                                                           
1014         _bpchar                                                            62            -1      b        false       0            -1           ,         0            1042         <null>       2147483645   <null>                                                             <null>                                                           
1015         _varchar                                                           62            -1      b        false       0            -1           ,         0            1043         <null>       2147483628   <null>                                                             string[]                                                         
1016         _int8                                                              62            -1      b        false       0            -1           ,         0            20           <null>       2147483635   <null>                                                             long[]                                                           
1021         _float4                                                            62            -1      b        false       0            -1           ,         0            700          <null>       2147483641   <null>                                                             float[]                                                          
1022         _float8                                                            62            -1      b        false       0            -1           ,         0            701          <null>       2147483640   <null>                                                             double[]                                                         
1031         _numeric                                                           62            -1      b        false       0            -1           ,         0            1700         <null>       2147483634   <null>                                                             bigdecimal[]                                                     
1115         _timestamp                                                         62            -1      b        false       0            -1           ,         0            1114         <null>       2147483629   <null>                                                             timestamp[]                                                      
1182         _date                                                              62            -1      b        false       0            -1           ,         0            1082         <null>       2147483642   <null>                                                             date[]                                                           
1183         _time                                                              62            -1      b        false       0            -1           ,         0            1083         <null>       2147483630   <null>                                                             time[]                                                           
32824        _geometry                                                          62            -1      b        false       0            -1           ,         0            32816        <null>       2147483638   <null>                                                             geometry[]                                                       
33462        _geography                                                         62            -1      b        false       0            -1           ,         0            33454        <null>       2147483639   <null>                                                             geography[]                                                      
143          _xml                                                               62            -1      b        false       0            -1           ,         0            142          <null>       2147483627   <null>                                                             xml[]                                                            
2287         _record                                                            62            -1      b        false       0            -1           ,         0            2249         <null>       2147483632   <null>                                                             <null>                                                           
2283         anyelement                                                         62            4       p        false       0            -1           ,         0            0            <null>       2147483626   <null>                                                             <null>                                                           
22           int2vector                                                         62            -1      b        false       0            -1           ,         0            0            <null>       2147483615   <null>                                                             2281                                                             
Row Count : 46
getColumnName  getColumnType  getCatalogName  getColumnClassName  getColumnLabel  getColumnTypeName  getSchemaName  getTableName  getColumnDisplaySize  getPrecision  getScale  isAutoIncrement  isCaseSensitive  isCurrency  isDefinitelyWritable  isNullable  isReadOnly  isSearchable  isSigned  isWritable  
oid            4              PartsSupplier   java.lang.Integer   oid             integer            pg_catalog     pg_type       11                    10            0         false            false            false       false                 1           true        true          true      false       
typname        12             PartsSupplier   java.lang.String    typname         string             pg_catalog     pg_type       4000                  4000          0         false            true             false       false                 1           true        true          false     false       
typnamespace   4              PartsSupplier   java.lang.Integer   typnamespace    integer            pg_catalog     pg_type       11                    10            0         false            false            false       false                 1           true        true          true      false       
typlen         5              PartsSupplier   java.lang.Short     typlen          short              pg_catalog     pg_type       6                     5             0         false            false            false       false                 1           true        true          true      false       
typtype        1              PartsSupplier   java.lang.String    typtype         char               pg_catalog     pg_type       1                     1             0         false            true             false       false                 1           true        true          false     false       
typnotnull     -7             PartsSupplier   java.lang.Boolean   typnotnull      boolean            pg_catalog     pg_type       5                     1             0         false            false            false       false                 1           true        true          false     false       
typbasetype    4              PartsSupplier   java.lang.Integer   typbasetype     integer            pg_catalog     pg_type       11                    10            0         false            false            false       false                 1           true        true          true      false       
typtypmod      4              PartsSupplier   java.lang.Integer   typtypmod       integer            pg_catalog     pg_type       11                    10            0         false            false            false       false                 1           true        true          true      false       
typdelim       1              PartsSupplier   java.lang.String    typdelim        char               pg_catalog     pg_type       1                     1             0         false            true             false       false                 1           true        true          false     false       
typrelid       4              PartsSupplier   java.lang.Integer   typrelid        integer            pg_catalog     pg_type       11                    10            0         false            false            false       false                 1           true        true          true      false       
typelem        4              PartsSupplier   java.lang.Integer   typelem         integer            pg_catalog     pg_type       11                    10            0         false            false            false       false                 1           true        true          true      false       
typinput       4              PartsSupplier   java.lang.Integer   typinput        integer            pg_catalog     pg_type       11                    10            0         false            false            false       false                 1           true        true          true      false       
typreceive     4              PartsSupplier   java.lang.Integer   typreceive      integer            pg_catalog     pg_type       11                    10            0         false            false            false       false                 1           true        true          true      false       
typdefault     12             PartsSupplier   java.lang.String    typdefault      string             pg_catalog     pg_type       4000                  4000          0         false            true             false       false                 1           true        true          false     false       
teiid_name     12             PartsSupplier   java.lang.String    teiid_name      string             pg_catalog     pg_type       4000                  4000          0         false            true             false       false                 1           true        true          false     false       
