integer      string                                                             integer       char     integer      integer      float      integer      boolean      boolean     string                                                             string[]                                                         
oid          relname                                                            relnamespace  relkind  relowner     relam        reltuples  relpages     relhasrules  relhasoids  relnspname                                                         reloptions                                                       
23           PARTSSUPPLIER.PARTS                                                22            r        0            0            0.0        0            false        false       PartsSupplier                                                      <null>                                                           
28           PK_PARTS                                                           28            i        0            0            0.0        0            false        false       PartsSupplier                                                      <null>                                                           
30           PARTSSUPPLIER.SHIP_VIA                                             22            r        0            0            0.0        0            false        false       PartsSupplier                                                      <null>                                                           
33           PK_SHIP_VIA                                                        33            i        0            0            0.0        0            false        false       PartsSupplier                                                      <null>                                                           
35           PARTSSUPPLIER.STATUS                                               22            r        0            0            0.0        0            false        false       PartsSupplier                                                      <null>                                                           
38           PK_STATUS                                                          38            i        0            0            0.0        0            false        false       PartsSupplier                                                      <null>                                                           
40           PARTSSUPPLIER.SUPPLIER                                             22            r        0            0            0.0        0            false        false       PartsSupplier                                                      <null>                                                           
46           PK_SUPPLIER                                                        46            i        0            0            0.0        0            false        false       PartsSupplier                                                      <null>                                                           
50           PARTSSUPPLIER.SUPPLIER_PARTS                                       22            r        0            0            0.0        0            false        false       PartsSupplier                                                      <null>                                                           
55           PK_SUPPLIER_PARTS                                                  55            i        0            0            0.0        0            false        false       PartsSupplier                                                      <null>                                                           
63           Columns                                                            62            r        0            0            0.0        0            false        false       SYS                                                                <null>                                                           
98           PK                                                                 98            i        0            0            0.0        0            false        false       SYS                                                                <null>                                                           
109          UNIQUE0                                                            109           i        0            0            0.0        0            false        false       SYS                                                                <null>                                                           
111          DataTypes                                                          62            r        0            0            0.0        0            false        false       SYS                                                                <null>                                                           
133          PK                                                                 133           i        0            0            0.0        0            false        false       SYS                                                                <null>                                                           
135          UNIQUE0                                                            135           i        0            0            0.0        0            false        false       SYS                                                                <null>                                                           
137          FunctionParams                                                     62            r        0            0            0.0        0            false        false       SYS                                                                <null>                                                           
156          PK                                                                 156           i        0            0            0.0        0            false        false       SYS                                                                <null>                                                           
165          UNIQUE0                                                            165           i        0            0            0.0        0            false        false       SYS                                                                <null>                                                           
167          Functions                                                          62            r        0            0            0.0        0            false        false       SYS                                                                <null>                                                           
175          PK                                                                 175           i        0            0            0.0        0            false        false       SYS                                                                <null>                                                           
182          UNIQUE0                                                            182           i        0            0            0.0        0            false        false       SYS                                                                <null>                                                           
184          GEOGRAPHY_COLUMNS                                                  62            v        0            0            0.0        0            false        false       SYS                                                                <null>                                                           
192          GEOMETRY_COLUMNS                                                   62            v        0            0            0.0        0            false        false       SYS                                                                <null>                                                           
200          KeyColumns                                                         62            r        0            0            0.0        0            false        false       SYS                                                                <null>                                                           
211          PK                                                                 211           i        0            0            0.0        0            false        false       SYS                                                                <null>                                                           
222          UNIQUE0                                                            222           i        0            0            0.0        0            false        false       SYS                                                                <null>                                                           
224          Keys                                                               62            r        0            0            0.0        0            false        false       SYS                                                                <null>                                                           
240          PK                                                                 240           i        0            0            0.0        0            false        false       SYS                                                                <null>                                                           
249          UNIQUE0                                                            249           i        0            0            0.0        0            false        false       SYS                                                                <null>                                                           
251          ProcedureParams                                                    62            r        0            0            0.0        0            false        false       SYS                                                                <null>                                                           
271          PK                                                                 271           i        0            0            0.0        0            false        false       SYS                                                                <null>                                                           
280          UNIQUE0                                                            280           i        0            0            0.0        0            false        false       SYS                                                                <null>                                                           
282          Procedures                                                         62            r        0            0            0.0        0            false        false       SYS                                                                <null>                                                           
291          PK                                                                 291           i        0            0            0.0        0            false        false       SYS                                                                <null>                                                           
300          UNIQUE0                                                            300           i        0            0            0.0        0            false        false       SYS                                                                <null>                                                           
302          Properties                                                         62            r        0            0            0.0        0            false        false       SYS                                                                <null>                                                           
307          UNIQUE0                                                            307           i        0            0            0.0        0            false        false       SYS                                                                <null>                                                           
310          ReferenceKeyColumns                                                62            r        0            0            0.0        0            false        false       SYS                                                                <null>                                                           
326          Schemas                                                            62            r        0            0            0.0        0            false        false       SYS                                                                <null>                                                           
333          PK                                                                 333           i        0            0            0.0        0            false        false       SYS                                                                <null>                                                           
336          UNIQUE0                                                            336           i        0            0            0.0        0            false        false       SYS                                                                <null>                                                           
338          spatial_ref_sys                                                    62            v        0            0            0.0        0            false        false       SYS                                                                <null>                                                           
344          PK                                                                 344           i        0            0            0.0        0            false        false       SYS                                                                <null>                                                           
346          Tables                                                             62            r        0            0            0.0        0            false        false       SYS                                                                <null>                                                           
360          PK                                                                 360           i        0            0            0.0        0            false        false       SYS                                                                <null>                                                           
369          UNIQUE0                                                            369           i        0            0            0.0        0            false        false       SYS                                                                <null>                                                           
371          VirtualDatabases                                                   62            r        0            0            0.0        0            false        false       SYS                                                                <null>                                                           
375          PK                                                                 375           i        0            0            0.0        0            false        false       SYS                                                                <null>                                                           
385          MatViews                                                           384           r        0            0            0.0        0            false        false       SYSADMIN                                                           <null>                                                           
395          PK                                                                 395           i        0            0            0.0        0            false        false       SYSADMIN                                                           <null>                                                           
399          StoredProcedures                                                   384           r        0            0            0.0        0            false        false       SYSADMIN                                                           <null>                                                           
405          PK                                                                 405           i        0            0            0.0        0            false        false       SYSADMIN                                                           <null>                                                           
409          UNIQUE0                                                            409           i        0            0            0.0        0            false        false       SYSADMIN                                                           <null>                                                           
411          Triggers                                                           384           r        0            0            0.0        0            false        false       SYSADMIN                                                           <null>                                                           
421          PK                                                                 421           i        0            0            0.0        0            false        false       SYSADMIN                                                           <null>                                                           
426          Usage                                                              384           r        0            0            0.0        0            false        false       SYSADMIN                                                           <null>                                                           
438          PK                                                                 438           i        0            0            0.0        0            false        false       SYSADMIN                                                           <null>                                                           
441          VDBResources                                                       384           r        0            0            0.0        0            false        false       SYSADMIN                                                           <null>                                                           
444          PK                                                                 444           i        0            0            0.0        0            false        false       SYSADMIN                                                           <null>                                                           
446          Views                                                              384           r        0            0            0.0        0            false        false       SYSADMIN                                                           <null>                                                           
452          PK                                                                 452           i        0            0            0.0        0            false        false       SYSADMIN                                                           <null>                                                           
456          UNIQUE0                                                            456           i        0            0            0.0        0            false        false       SYSADMIN                                                           <null>                                                           
523          information_schema.columns                                         522           v        0            0            0.0        0            false        false       pg_catalog                                                         <null>                                                           
544          information_schema.key_column_usage                                522           v        0            0            0.0        0            false        false       pg_catalog                                                         <null>                                                           
554          information_schema.referential_constraints                         522           v        0            0            0.0        0            false        false       pg_catalog                                                         <null>                                                           
564          information_schema.table_constraints                               522           v        0            0            0.0        0            false        false       pg_catalog                                                         <null>                                                           
574          information_schema.tables                                          522           v        0            0            0.0        0            false        false       pg_catalog                                                         <null>                                                           
579          information_schema.views                                           522           v        0            0            0.0        0            false        false       pg_catalog                                                         <null>                                                           
585          matpg_datatype                                                     522           v        0            0            0.0        0            false        false       pg_catalog                                                         <null>                                                           
593          matpg_datatype_names                                               593           i        0            0            0.0        0            false        false       pg_catalog                                                         <null>                                                           
596          matpg_datatype_ids                                                 596           i        0            0            0.0        0            false        false       pg_catalog                                                         <null>                                                           
599          pg_am                                                              522           v        0            0            0.0        0            false        false       pg_catalog                                                         <null>                                                           
602          pg_attrdef                                                         522           v        0            0            0.0        0            false        false       pg_catalog                                                         <null>                                                           
607          pg_attribute                                                       522           v        0            0            0.0        0            false        false       pg_catalog                                                         <null>                                                           
618          pk_pg_attr                                                         618           i        0            0            0.0        0            false        false       pg_catalog                                                         <null>                                                           
620          pg_class                                                           522           v        0            0            0.0        0            false        false       pg_catalog                                                         <null>                                                           
633          pk_pg_class                                                        633           i        0            0            0.0        0            false        false       pg_catalog                                                         <null>                                                           
635          pg_constraint                                                      522           v        0            0            0.0        0            false        false       pg_catalog                                                         <null>                                                           
646          pg_database                                                        522           v        0            0            0.0        0            false        false       pg_catalog                                                         <null>                                                           
656          pg_description                                                     522           v        0            0            0.0        0            false        false       pg_catalog                                                         <null>                                                           
661          pg_index                                                           522           v        0            0            0.0        0            false        false       pg_catalog                                                         <null>                                                           
673          pk_pg_index                                                        673           i        0            0            0.0        0            false        false       pg_catalog                                                         <null>                                                           
675          pg_inherits                                                        522           v        0            0            0.0        0            false        false       pg_catalog                                                         <null>                                                           
679          pg_namespace                                                       522           v        0            0            0.0        0            false        false       pg_catalog                                                         <null>                                                           
683          pg_prepared_xacts                                                  522           v        0            0            0.0        0            false        false       pg_catalog                                                         <null>                                                           
688          pg_proc                                                            522           v        0            0            0.0        0            false        false       pg_catalog                                                         <null>                                                           
699          pk_pg_proc                                                         699           i        0            0            0.0        0            false        false       pg_catalog                                                         <null>                                                           
701          pg_stats                                                           522           v        0            0            0.0        0            false        false       pg_catalog                                                         <null>                                                           
705          pg_trigger                                                         522           v        0            0            0.0        0            false        false       pg_catalog                                                         <null>                                                           
715          pg_type                                                            522           v        0            0            0.0        0            false        false       pg_catalog                                                         <null>                                                           
731          pg_user                                                            522           v        0            0            0.0        0            false        false       pg_catalog                                                         <null>                                                           
Row Count : 92
getColumnName  getColumnType  getCatalogName  getColumnClassName  getColumnLabel  getColumnTypeName  getSchemaName  getTableName  getColumnDisplaySize  getPrecision  getScale  isAutoIncrement  isCaseSensitive  isCurrency  isDefinitelyWritable  isNullable  isReadOnly  isSearchable  isSigned  isWritable  
oid            4              PartsSupplier   java.lang.Integer   oid             integer            pg_catalog     pg_class      11                    10            0         false            false            false       false                 1           true        true          true      false       
relname        12             PartsSupplier   java.lang.String    relname         string             pg_catalog     pg_class      4000                  4000          0         false            true             false       false                 1           true        true          false     false       
relnamespace   4              PartsSupplier   java.lang.Integer   relnamespace    integer            pg_catalog     pg_class      11                    10            0         false            false            false       false                 1           true        true          true      false       
relkind        1              PartsSupplier   java.lang.String    relkind         char               pg_catalog     pg_class      1                     1             0         false            true             false       false                 1           true        true          false     false       
relowner       4              PartsSupplier   java.lang.Integer   relowner        integer            pg_catalog     pg_class      11                    10            0         false            false            false       false                 1           true        true          true      false       
relam          4              PartsSupplier   java.lang.Integer   relam           integer            pg_catalog     pg_class      11                    10            0         false            false            false       false                 1           true        true          true      false       
reltuples      7              PartsSupplier   java.lang.Float     reltuples       float              pg_catalog     pg_class      9                     7             3         false            false            false       false                 1           true        true          true      false       
relpages       4              PartsSupplier   java.lang.Integer   relpages        integer            pg_catalog     pg_class      11                    10            0         false            false            false       false                 1           true        true          true      false       
relhasrules    -7             PartsSupplier   java.lang.Boolean   relhasrules     boolean            pg_catalog     pg_class      5                     1             0         false            false            false       false                 1           true        true          false     false       
relhasoids     -7             PartsSupplier   java.lang.Boolean   relhasoids      boolean            pg_catalog     pg_class      5                     1             0         false            false            false       false                 1           true        true          false     false       
relnspname     12             PartsSupplier   java.lang.String    relnspname      string             pg_catalog     pg_class      4000                  4000          0         false            true             false       false                 1           true        true          false     false       
reloptions     2003           PartsSupplier   java.sql.Array      reloptions      string[]           pg_catalog     pg_class      2147483647            4000          0         false            true             false       false                 1           true        true          false     false       
