string                                                             string                                                             string                                            
Name                                                               Value                                                              UID                                               
NugentXAttribute                                                   Nuuuuuge22222                                                      mmuuid:4789b280-841c-1f15-9526-ebd0cace03e1       
NugentYAttribute                                                   Nuuuuuge44444                                                      mmuuid:4789b280-841c-1f15-9526-ebd0cace03e1       
pg_type:oid                                                        1002                                                               tid:7ff2755e9621-c6363f93-00000048                
pg_type:oid                                                        1009                                                               tid:7ff2755e9621-c63e1bab-00000047                
pg_type:oid                                                        30                                                                 tid:7ff2755e9621-c69d9cdc-00000046                
pg_type:oid                                                        22                                                                 tid:7ff2755e9621-ef456b0e-00000038                
pg_type:oid                                                        1028                                                               tid:7ff2755e9621-f418ff03-00000049                
teiid:pass-through-type                                            true                                                               tid:7ff2755e9621-e548fc4c-000000e7                
{http://www.teiid.org/ext/relational/2012}ALLOW_MATVIEW_MANAGEMEN$ true                                                               tid:7ff2755e9621-d9ee5c82-00000020                
{http://www.teiid.org/ext/relational/2012}ALLOW_MATVIEW_MANAGEMEN$ true                                                               tid:7ff2755e9621-e544c1cc-0000006b                
{http://www.teiid.org/ext/relational/2012}ALLOW_MATVIEW_MANAGEMEN$ true                                                               tid:7ff2755e9621-edc4ea54-00000013                
{http://www.teiid.org/ext/relational/2012}default_handling         expression                                                         tid:60b87e792634-bc9325ad-00000034                
Row Count : 12
getColumnName  getColumnType  getCatalogName  getColumnClassName  getColumnLabel  getColumnTypeName  getSchemaName  getTableName  getColumnDisplaySize  getPrecision  getScale  isAutoIncrement  isCaseSensitive  isCurrency  isDefinitelyWritable  isNullable  isReadOnly  isSearchable  isSigned  isWritable  
Name           12             xmlvp           java.lang.String    Name            string             SYS            Properties    4000                  4000          0         false            true             false       false                 0           true        true          false     false       
Value          12             xmlvp           java.lang.String    Value           string             SYS            Properties    4000                  4000          0         false            true             false       false                 0           true        true          false     false       
UID            12             xmlvp           java.lang.String    UID             string             SYS            Properties    50                    50            0         false            true             false       false                 0           true        true          false     false       
