integer      integer      integer      short     boolean         boolean      boolean       short[]                                                            string                                                             string                                                             string[]                                                         
oid          indexrelid   indrelid     indnatts  indisclustered  indisunique  indisprimary  indkey                                                             indexprs                                                           indpred                                                            indkey_names                                                     
29           29           24           1         false           true         true          [1]                                                                <null>                                                             <null>                                                             [PART_ID]                                                        
34           34           31           1         false           true         true          [1]                                                                <null>                                                             <null>                                                             [SHIPPER_ID]                                                     
39           39           36           1         false           true         true          [1]                                                                <null>                                                             <null>                                                             [STATUS_ID]                                                      
47           47           41           1         false           true         true          [1]                                                                <null>                                                             <null>                                                             [SUPPLIER_ID]                                                    
49           49           41           1         false           false        false         [3]                                                                <null>                                                             <null>                                                             [SUPPLIER_STATUS]                                                
56           56           51           2         false           true         true          [1, 2]                                                             <null>                                                             <null>                                                             [SUPPLIER_ID, PART_ID]                                           
59           59           51           1         false           false        false         [2]                                                                <null>                                                             <null>                                                             [PART_ID]                                                        
61           61           51           1         false           false        false         [1]                                                                <null>                                                             <null>                                                             [SUPPLIER_ID]                                                    
99           99           64           4         false           true         true          [1, 2, 3, 4]                                                       <null>                                                             <null>                                                             [VDBName, SchemaName, TableName, Name]                           
104          104          64           3         false           false        false         [1, 2, 3]                                                          <null>                                                             <null>                                                             [VDBName, SchemaName, TableName]                                 
108          108          64           1         false           false        false         [31]                                                               <null>                                                             <null>                                                             [TableUID]                                                       
110          110          64           1         false           true         false         [29]                                                               <null>                                                             <null>                                                             [UID]                                                            
134          134          112          1         false           true         true          [1]                                                                <null>                                                             <null>                                                             [Name]                                                           
136          136          112          1         false           true         false         [15]                                                               <null>                                                             <null>                                                             [UID]                                                            
157          157          138          4         false           true         true          [1, 2, 3, 5]                                                       <null>                                                             <null>                                                             [VDBName, SchemaName, FunctionName, Name]                        
162          162          138          3         false           false        false         [1, 2, 3]                                                          <null>                                                             <null>                                                             [VDBName, SchemaName, FunctionName]                              
166          166          138          1         false           true         false         [14]                                                               <null>                                                             <null>                                                             [UID]                                                            
176          176          168          3         false           true         true          [1, 2, 3]                                                          <null>                                                             <null>                                                             [VDBName, SchemaName, Name]                                      
180          180          168          2         false           false        false         [1, 2]                                                             <null>                                                             <null>                                                             [VDBName, SchemaName]                                            
183          183          168          1         false           true         false         [5]                                                                <null>                                                             <null>                                                             [UID]                                                            
212          212          201          4         false           true         true          [1, 2, 3, 4]                                                       <null>                                                             <null>                                                             [VDBName, SchemaName, TableName, Name]                           
217          217          201          3         false           false        false         [1, 2, 3]                                                          <null>                                                             <null>                                                             [VDBName, SchemaName, TableName]                                 
221          221          201          1         false           false        false         [10]                                                               <null>                                                             <null>                                                             [TableUID]                                                       
223          223          201          1         false           true         false         [8]                                                                <null>                                                             <null>                                                             [UID]                                                            
241          241          225          4         false           true         true          [1, 2, 3, 4]                                                       <null>                                                             <null>                                                             [VDBName, SchemaName, TableName, Name]                           
246          246          225          3         false           false        false         [1, 2, 3]                                                          <null>                                                             <null>                                                             [VDBName, SchemaName, TableName]                                 
250          250          225          1         false           true         false         [10]                                                               <null>                                                             <null>                                                             [UID]                                                            
272          272          252          4         false           true         true          [1, 2, 3, 4]                                                       <null>                                                             <null>                                                             [VDBName, SchemaName, ProcedureName, Name]                       
277          277          252          3         false           false        false         [1, 2, 3]                                                          <null>                                                             <null>                                                             [VDBName, SchemaName, ProcedureName]                             
281          281          252          1         false           true         false         [14]                                                               <null>                                                             <null>                                                             [UID]                                                            
292          292          283          3         false           true         true          [1, 2, 3]                                                          <null>                                                             <null>                                                             [VDBName, SchemaName, Name]                                      
296          296          283          2         false           false        false         [1, 2]                                                             <null>                                                             <null>                                                             [VDBName, SchemaName]                                            
299          299          283          1         false           false        false         [8]                                                                <null>                                                             <null>                                                             [SchemaUID]                                                      
301          301          283          1         false           true         false         [6]                                                                <null>                                                             <null>                                                             [UID]                                                            
308          308          303          2         false           true         false         [3, 1]                                                             <null>                                                             <null>                                                             [UID, Name]                                                      
334          334          327          2         false           true         true          [1, 2]                                                             <null>                                                             <null>                                                             [VDBName, Name]                                                  
337          337          327          1         false           true         false         [4]                                                                <null>                                                             <null>                                                             [UID]                                                            
345          345          339          1         false           true         true          [1]                                                                <null>                                                             <null>                                                             [srid]                                                           
361          361          347          3         false           true         true          [1, 2, 3]                                                          <null>                                                             <null>                                                             [VDBName, SchemaName, Name]                                      
365          365          347          2         false           false        false         [1, 2]                                                             <null>                                                             <null>                                                             [VDBName, SchemaName]                                            
368          368          347          1         false           false        false         [13]                                                               <null>                                                             <null>                                                             [SchemaUID]                                                      
370          370          347          1         false           true         false         [8]                                                                <null>                                                             <null>                                                             [UID]                                                            
376          376          372          2         false           true         true          [1, 2]                                                             <null>                                                             <null>                                                             [Name, Version]                                                  
396          396          386          3         false           true         true          [1, 2, 3]                                                          <null>                                                             <null>                                                             [VDBName, SchemaName, Name]                                      
406          406          400          3         false           true         true          [1, 2, 3]                                                          <null>                                                             <null>                                                             [VDBName, SchemaName, Name]                                      
410          410          400          1         false           true         false         [5]                                                                <null>                                                             <null>                                                             [UID]                                                            
422          422          412          4         false           true         true          [1, 2, 3, 4]                                                       <null>                                                             <null>                                                             [VDBName, SchemaName, TableName, Name]                           
439          439          427          2         false           true         true          [2, 7]                                                             <null>                                                             <null>                                                             [UID, Uses_UID]                                                  
445          445          442          1         false           true         true          [1]                                                                <null>                                                             <null>                                                             [resourcePath]                                                   
453          453          447          3         false           true         true          [1, 2, 3]                                                          <null>                                                             <null>                                                             [VDBName, SchemaName, Name]                                      
457          457          447          1         false           true         false         [5]                                                                <null>                                                             <null>                                                             [UID]                                                            
594          594          586          2         false           true         true          [1, 3]                                                             <null>                                                             <null>                                                             [oid, name]                                                      
597          597          586          2         false           false        false         [2, 1]                                                             <null>                                                             <null>                                                             [typname, oid]                                                   
619          619          608          1         false           true         true          [1]                                                                <null>                                                             <null>                                                             [oid]                                                            
621          621          608          2         false           true         false         [3, 2]                                                             <null>                                                             <null>                                                             [attname, attrelid]                                              
637          637          624          1         false           true         true          [1]                                                                <null>                                                             <null>                                                             [oid]                                                            
677          677          665          1         false           true         true          [2]                                                                <null>                                                             <null>                                                             [indexrelid]                                                     
703          703          692          1         false           true         true          [1]                                                                <null>                                                             <null>                                                             [oid]                                                            
Row Count : 58
getColumnName   getColumnType  getCatalogName  getColumnClassName  getColumnLabel  getColumnTypeName  getSchemaName  getTableName  getColumnDisplaySize  getPrecision  getScale  isAutoIncrement  isCaseSensitive  isCurrency  isDefinitelyWritable  isNullable  isReadOnly  isSearchable  isSigned  isWritable  
oid             4              PartsSupplier   java.lang.Integer   oid             integer            pg_catalog     pg_index      11                    10            0         false            false            false       false                 1           true        true          true      false       
indexrelid      4              PartsSupplier   java.lang.Integer   indexrelid      integer            pg_catalog     pg_index      11                    10            0         false            false            false       false                 1           true        true          true      false       
indrelid        4              PartsSupplier   java.lang.Integer   indrelid        integer            pg_catalog     pg_index      11                    10            0         false            false            false       false                 1           true        true          true      false       
indnatts        5              PartsSupplier   java.lang.Short     indnatts        short              pg_catalog     pg_index      6                     5             0         false            false            false       false                 1           true        true          true      false       
indisclustered  -7             PartsSupplier   java.lang.Boolean   indisclustered  boolean            pg_catalog     pg_index      5                     1             0         false            false            false       false                 1           true        true          false     false       
indisunique     -7             PartsSupplier   java.lang.Boolean   indisunique     boolean            pg_catalog     pg_index      5                     1             0         false            false            false       false                 1           true        true          false     false       
indisprimary    -7             PartsSupplier   java.lang.Boolean   indisprimary    boolean            pg_catalog     pg_index      5                     1             0         false            false            false       false                 1           true        true          false     false       
indkey          2003           PartsSupplier   java.sql.Array      indkey          short[]            pg_catalog     pg_index      2147483647            2             0         false            false            false       false                 1           true        true          true      false       
indexprs        12             PartsSupplier   java.lang.String    indexprs        string             pg_catalog     pg_index      4000                  4000          0         false            true             false       false                 1           true        true          false     false       
indpred         12             PartsSupplier   java.lang.String    indpred         string             pg_catalog     pg_index      4000                  4000          0         false            true             false       false                 1           true        true          false     false       
indkey_names    2003           PartsSupplier   java.sql.Array      indkey_names    string[]           pg_catalog     pg_index      2147483647            4000          0         false            true             false       false                 1           true        true          false     false       
