integer      string                                                             integer       char     integer      integer      float      integer      boolean      boolean     string                                                             string[]                                                         
oid          relname                                                            relnamespace  relkind  relowner     relam        reltuples  relpages     relhasrules  relhasoids  relnspname                                                         reloptions                                                       
24           PARTSSUPPLIER.PARTS                                                23            r        0            0            0.0        0            false        false       PartsSupplier                                                      <null>                                                           
29           PK_PARTS                                                           29            i        0            0            0.0        0            false        false       PartsSupplier                                                      <null>                                                           
31           PARTSSUPPLIER.SHIP_VIA                                             23            r        0            0            0.0        0            false        false       PartsSupplier                                                      <null>                                                           
34           PK_SHIP_VIA                                                        34            i        0            0            0.0        0            false        false       PartsSupplier                                                      <null>                                                           
36           PARTSSUPPLIER.STATUS                                               23            r        0            0            0.0        0            false        false       PartsSupplier                                                      <null>                                                           
39           PK_STATUS                                                          39            i        0            0            0.0        0            false        false       PartsSupplier                                                      <null>                                                           
41           PARTSSUPPLIER.SUPPLIER                                             23            r        0            0            0.0        0            false        false       PartsSupplier                                                      <null>                                                           
47           PK_SUPPLIER                                                        47            i        0            0            0.0        0            false        false       PartsSupplier                                                      <null>                                                           
51           PARTSSUPPLIER.SUPPLIER_PARTS                                       23            r        0            0            0.0        0            false        false       PartsSupplier                                                      <null>                                                           
56           PK_SUPPLIER_PARTS                                                  56            i        0            0            0.0        0            false        false       PartsSupplier                                                      <null>                                                           
64           Columns                                                            63            r        0            0            0.0        0            false        false       SYS                                                                <null>                                                           
99           PK                                                                 99            i        0            0            0.0        0            false        false       SYS                                                                <null>                                                           
110          UNIQUE0                                                            110           i        0            0            0.0        0            false        false       SYS                                                                <null>                                                           
112          DataTypes                                                          63            r        0            0            0.0        0            false        false       SYS                                                                <null>                                                           
134          PK                                                                 134           i        0            0            0.0        0            false        false       SYS                                                                <null>                                                           
136          UNIQUE0                                                            136           i        0            0            0.0        0            false        false       SYS                                                                <null>                                                           
138          FunctionParams                                                     63            r        0            0            0.0        0            false        false       SYS                                                                <null>                                                           
157          PK                                                                 157           i        0            0            0.0        0            false        false       SYS                                                                <null>                                                           
166          UNIQUE0                                                            166           i        0            0            0.0        0            false        false       SYS                                                                <null>                                                           
168          Functions                                                          63            r        0            0            0.0        0            false        false       SYS                                                                <null>                                                           
176          PK                                                                 176           i        0            0            0.0        0            false        false       SYS                                                                <null>                                                           
183          UNIQUE0                                                            183           i        0            0            0.0        0            false        false       SYS                                                                <null>                                                           
185          GEOGRAPHY_COLUMNS                                                  63            v        0            0            0.0        0            false        false       SYS                                                                <null>                                                           
193          GEOMETRY_COLUMNS                                                   63            v        0            0            0.0        0            false        false       SYS                                                                <null>                                                           
201          KeyColumns                                                         63            r        0            0            0.0        0            false        false       SYS                                                                <null>                                                           
212          PK                                                                 212           i        0            0            0.0        0            false        false       SYS                                                                <null>                                                           
223          UNIQUE0                                                            223           i        0            0            0.0        0            false        false       SYS                                                                <null>                                                           
225          Keys                                                               63            r        0            0            0.0        0            false        false       SYS                                                                <null>                                                           
241          PK                                                                 241           i        0            0            0.0        0            false        false       SYS                                                                <null>                                                           
250          UNIQUE0                                                            250           i        0            0            0.0        0            false        false       SYS                                                                <null>                                                           
252          ProcedureParams                                                    63            r        0            0            0.0        0            false        false       SYS                                                                <null>                                                           
272          PK                                                                 272           i        0            0            0.0        0            false        false       SYS                                                                <null>                                                           
281          UNIQUE0                                                            281           i        0            0            0.0        0            false        false       SYS                                                                <null>                                                           
283          Procedures                                                         63            r        0            0            0.0        0            false        false       SYS                                                                <null>                                                           
292          PK                                                                 292           i        0            0            0.0        0            false        false       SYS                                                                <null>                                                           
301          UNIQUE0                                                            301           i        0            0            0.0        0            false        false       SYS                                                                <null>                                                           
303          Properties                                                         63            r        0            0            0.0        0            false        false       SYS                                                                <null>                                                           
308          UNIQUE0                                                            308           i        0            0            0.0        0            false        false       SYS                                                                <null>                                                           
311          ReferenceKeyColumns                                                63            r        0            0            0.0        0            false        false       SYS                                                                <null>                                                           
327          Schemas                                                            63            r        0            0            0.0        0            false        false       SYS                                                                <null>                                                           
334          PK                                                                 334           i        0            0            0.0        0            false        false       SYS                                                                <null>                                                           
337          UNIQUE0                                                            337           i        0            0            0.0        0            false        false       SYS                                                                <null>                                                           
339          spatial_ref_sys                                                    63            v        0            0            0.0        0            false        false       SYS                                                                <null>                                                           
345          PK                                                                 345           i        0            0            0.0        0            false        false       SYS                                                                <null>                                                           
347          Tables                                                             63            r        0            0            0.0        0            false        false       SYS                                                                <null>                                                           
361          PK                                                                 361           i        0            0            0.0        0            false        false       SYS                                                                <null>                                                           
370          UNIQUE0                                                            370           i        0            0            0.0        0            false        false       SYS                                                                <null>                                                           
372          VirtualDatabases                                                   63            r        0            0            0.0        0            false        false       SYS                                                                <null>                                                           
376          PK                                                                 376           i        0            0            0.0        0            false        false       SYS                                                                <null>                                                           
386          MatViews                                                           385           r        0            0            0.0        0            false        false       SYSADMIN                                                           <null>                                                           
396          PK                                                                 396           i        0            0            0.0        0            false        false       SYSADMIN                                                           <null>                                                           
400          StoredProcedures                                                   385           r        0            0            0.0        0            false        false       SYSADMIN                                                           <null>                                                           
406          PK                                                                 406           i        0            0            0.0        0            false        false       SYSADMIN                                                           <null>                                                           
410          UNIQUE0                                                            410           i        0            0            0.0        0            false        false       SYSADMIN                                                           <null>                                                           
412          Triggers                                                           385           r        0            0            0.0        0            false        false       SYSADMIN                                                           <null>                                                           
422          PK                                                                 422           i        0            0            0.0        0            false        false       SYSADMIN                                                           <null>                                                           
427          Usage                                                              385           r        0            0            0.0        0            false        false       SYSADMIN                                                           <null>                                                           
439          PK                                                                 439           i        0            0            0.0        0            false        false       SYSADMIN                                                           <null>                                                           
442          VDBResources                                                       385           r        0            0            0.0        0            false        false       SYSADMIN                                                           <null>                                                           
445          PK                                                                 445           i        0            0            0.0        0            false        false       SYSADMIN                                                           <null>                                                           
447          Views                                                              385           r        0            0            0.0        0            false        false       SYSADMIN                                                           <null>                                                           
453          PK                                                                 453           i        0            0            0.0        0            false        false       SYSADMIN                                                           <null>                                                           
457          UNIQUE0                                                            457           i        0            0            0.0        0            false        false       SYSADMIN                                                           <null>                                                           
524          information_schema.columns                                         523           v        0            0            0.0        0            false        false       pg_catalog                                                         <null>                                                           
545          information_schema.key_column_usage                                523           v        0            0            0.0        0            false        false       pg_catalog                                                         <null>                                                           
555          information_schema.referential_constraints                         523           v        0            0            0.0        0            false        false       pg_catalog                                                         <null>                                                           
565          information_schema.table_constraints                               523           v        0            0            0.0        0            false        false       pg_catalog                                                         <null>                                                           
575          information_schema.tables                                          523           v        0            0            0.0        0            false        false       pg_catalog                                                         <null>                                                           
580          information_schema.views                                           523           v        0            0            0.0        0            false        false       pg_catalog                                                         <null>                                                           
586          matpg_datatype                                                     523           v        0            0            0.0        0            false        false       pg_catalog                                                         <null>                                                           
594          matpg_datatype_names                                               594           i        0            0            0.0        0            false        false       pg_catalog                                                         <null>                                                           
597          matpg_datatype_ids                                                 597           i        0            0            0.0        0            false        false       pg_catalog                                                         <null>                                                           
600          pg_am                                                              523           v        0            0            0.0        0            false        false       pg_catalog                                                         <null>                                                           
603          pg_attrdef                                                         523           v        0            0            0.0        0            false        false       pg_catalog                                                         <null>                                                           
608          pg_attribute                                                       523           v        0            0            0.0        0            false        false       pg_catalog                                                         <null>                                                           
619          pk_pg_attr                                                         619           i        0            0            0.0        0            false        false       pg_catalog                                                         <null>                                                           
621          idx_attr                                                           621           i        0            0            0.0        0            false        false       pg_catalog                                                         <null>                                                           
624          pg_class                                                           523           v        0            0            0.0        0            false        false       pg_catalog                                                         <null>                                                           
637          pk_pg_class                                                        637           i        0            0            0.0        0            false        false       pg_catalog                                                         <null>                                                           
639          pg_constraint                                                      523           v        0            0            0.0        0            false        false       pg_catalog                                                         <null>                                                           
650          pg_database                                                        523           v        0            0            0.0        0            false        false       pg_catalog                                                         <null>                                                           
660          pg_description                                                     523           v        0            0            0.0        0            false        false       pg_catalog                                                         <null>                                                           
665          pg_index                                                           523           v        0            0            0.0        0            false        false       pg_catalog                                                         <null>                                                           
677          pk_pg_index                                                        677           i        0            0            0.0        0            false        false       pg_catalog                                                         <null>                                                           
679          pg_inherits                                                        523           v        0            0            0.0        0            false        false       pg_catalog                                                         <null>                                                           
683          pg_namespace                                                       523           v        0            0            0.0        0            false        false       pg_catalog                                                         <null>                                                           
687          pg_prepared_xacts                                                  523           v        0            0            0.0        0            false        false       pg_catalog                                                         <null>                                                           
692          pg_proc                                                            523           v        0            0            0.0        0            false        false       pg_catalog                                                         <null>                                                           
703          pk_pg_proc                                                         703           i        0            0            0.0        0            false        false       pg_catalog                                                         <null>                                                           
705          pg_stats                                                           523           v        0            0            0.0        0            false        false       pg_catalog                                                         <null>                                                           
709          pg_trigger                                                         523           v        0            0            0.0        0            false        false       pg_catalog                                                         <null>                                                           
719          pg_type                                                            523           v        0            0            0.0        0            false        false       pg_catalog                                                         <null>                                                           
735          pg_user                                                            523           v        0            0            0.0        0            false        false       pg_catalog                                                         <null>                                                           
Row Count : 93
getColumnName  getColumnType  getCatalogName  getColumnClassName  getColumnLabel  getColumnTypeName  getSchemaName  getTableName  getColumnDisplaySize  getPrecision  getScale  isAutoIncrement  isCaseSensitive  isCurrency  isDefinitelyWritable  isNullable  isReadOnly  isSearchable  isSigned  isWritable  
oid            4              PartsSupplier   java.lang.Integer   oid             integer            pg_catalog     pg_class      11                    10            0         false            false            false       false                 1           true        true          true      false       
relname        12             PartsSupplier   java.lang.String    relname         string             pg_catalog     pg_class      4000                  4000          0         false            true             false       false                 1           true        true          false     false       
relnamespace   4              PartsSupplier   java.lang.Integer   relnamespace    integer            pg_catalog     pg_class      11                    10            0         false            false            false       false                 1           true        true          true      false       
relkind        1              PartsSupplier   java.lang.String    relkind         char               pg_catalog     pg_class      1                     1             0         false            true             false       false                 1           true        true          false     false       
relowner       4              PartsSupplier   java.lang.Integer   relowner        integer            pg_catalog     pg_class      11                    10            0         false            false            false       false                 1           true        true          true      false       
relam          4              PartsSupplier   java.lang.Integer   relam           integer            pg_catalog     pg_class      11                    10            0         false            false            false       false                 1           true        true          true      false       
reltuples      7              PartsSupplier   java.lang.Float     reltuples       float              pg_catalog     pg_class      9                     7             3         false            false            false       false                 1           true        true          true      false       
relpages       4              PartsSupplier   java.lang.Integer   relpages        integer            pg_catalog     pg_class      11                    10            0         false            false            false       false                 1           true        true          true      false       
relhasrules    -7             PartsSupplier   java.lang.Boolean   relhasrules     boolean            pg_catalog     pg_class      5                     1             0         false            false            false       false                 1           true        true          false     false       
relhasoids     -7             PartsSupplier   java.lang.Boolean   relhasoids      boolean            pg_catalog     pg_class      5                     1             0         false            false            false       false                 1           true        true          false     false       
relnspname     12             PartsSupplier   java.lang.String    relnspname      string             pg_catalog     pg_class      4000                  4000          0         false            true             false       false                 1           true        true          false     false       
reloptions     2003           PartsSupplier   java.sql.Array      reloptions      string[]           pg_catalog     pg_class      2147483647            4000          0         false            true             false       false                 1           true        true          false     false       
